<?xml version="1.0" encoding="UTF-8"?>
<testng-results ignored="0" total="4" passed="4" failed="0" skipped="0">
  <reporter-output>
  </reporter-output>
  <suite started-at="2024-10-27T17:45:02 IST" name="APITestSuite" finished-at="2024-10-27T17:45:20 IST" duration-ms="17656">
    <groups>
      <group name="API Tests">
        <method signature="testCase_API_03.TestCase03()[pri:3, instance:qtriptest.APITests.testCase_API_03@710636b0]" name="TestCase03" class="qtriptest.APITests.testCase_API_03"/>
      </group> <!-- API Tests -->
    </groups>
    <test started-at="2024-10-27T17:45:02 IST" name="APITests" finished-at="2024-10-27T17:45:20 IST" duration-ms="17656">
      <class name="qtriptest.APITests.testCase_API_01">
        <test-method signature="Register()[pri:0, instance:qtriptest.APITests.testCase_API_01@5c80cf32]" started-at="2024-10-27T17:45:02 IST" name="Register" finished-at="2024-10-27T17:45:10 IST" duration-ms="7754" status="PASS">
          <reporter-output>
          </reporter-output>
        </test-method> <!-- Register -->
      </class> <!-- qtriptest.APITests.testCase_API_01 -->
      <class name="qtriptest.APITests.testCase_API_02">
        <test-method signature="VerifySearchCity()[pri:0, instance:qtriptest.APITests.testCase_API_02@6cb107fd]" started-at="2024-10-27T17:45:10 IST" name="VerifySearchCity" finished-at="2024-10-27T17:45:12 IST" duration-ms="1997" status="PASS">
          <reporter-output>
          </reporter-output>
        </test-method> <!-- VerifySearchCity -->
      </class> <!-- qtriptest.APITests.testCase_API_02 -->
      <class name="qtriptest.APITests.testCase_API_03">
        <test-method signature="TestCase03()[pri:3, instance:qtriptest.APITests.testCase_API_03@710636b0]" started-at="2024-10-27T17:45:12 IST" name="TestCase03" description="Verify that a reservation can be made using the QTrip API" finished-at="2024-10-27T17:45:17 IST" duration-ms="5211" status="PASS">
          <reporter-output>
          </reporter-output>
        </test-method> <!-- TestCase03 -->
      </class> <!-- qtriptest.APITests.testCase_API_03 -->
      <class name="qtriptest.APITests.testCase_API_04">
        <test-method signature="testUserRegistration()[pri:0, instance:qtriptest.APITests.testCase_API_04@3de8f619]" started-at="2024-10-27T17:45:17 IST" name="testUserRegistration" finished-at="2024-10-27T17:45:20 IST" duration-ms="2409" status="PASS">
          <reporter-output>
          </reporter-output>
        </test-method> <!-- testUserRegistration -->
      </class> <!-- qtriptest.APITests.testCase_API_04 -->
    </test> <!-- APITests -->
  </suite> <!-- APITestSuite -->
</testng-results>
